Radeon Company Ltd. is a US-owned company that deals with Banking and Insurance. The company is intending to expand its services across the African continent having the first branch to be located in Nairobi, Kenya. The company has secured a four-story building to operate within the Kenyan capital city. Therefore, the company would like to allow sourcing the knowledge from a group of final-year students from the local university to design and implement their company network. Assume you are among the students to take over this role, carefully read down the requirements then model the design and implement the network based on the company's needs. Each floor has departments as provided in the table below:

first floor:
no.   department  no. of PC  NO. of Printers
1    management    20          4
2    research      20          4
3    human resource 20         4

second floor:
no.   department  no. of PC  NO. of Printers
1     marketing    20          4
2     accounting   20          4
3     finance      20          4

third floor:
no.   department          no. of PC  NO. of Printers
1     logistics and store    20          4
2     customer care          20          4
3     guest area             40          2

fourth floor:
no.   department  no. of PC  NO. of Printers           no of servers
1    administration   20           2
2       ICT           20           2
2     server room    2 Admin PCs                    3(dhcp, http, and email)


## Use a  software modeling tool to visualize the network topology (Use Hierarchical Network Design
-  Software Modelling Tools: MS Visio, Visual Paradigm, or Draw.io for modeling network design.

## Use any of the following network simulation software to implement the above topology.
- Simulation software: Cisco Packet tracer or GNS3 for design and implementation.

## There should be one router on each floor. The router should be connecting switches on that floor. 

## Use OSPF as the routing protocol to advertise routes.

## Each department is required to have a wireless network for the users.

## Each department except the server room will be anticipated to have around 60 users both wired and wireless users.

## Host devices in the network are required to obtain IPv4 addresses automatically.

## Devices in all the departments are required to communicate with each other.

## Create HTTP, and E-mail servers.

## All devices in the network are expected to obtain an IP address dynamically from the dedicated DHCP servers located at the server room.

## Configure SSH in all the routers for remote login.

## Configure the basic configuration of the devices: Hostnames, Line Console and Enable passwords, Banner messages Disable domain IP lookup, encrypt all configured passwords.

## Each department should be in a different VLAN and subnetwork; VLANs you will use in your case, e.g. 10, 20, 30… etc..

## Planning of IP Addresses: You have been given 192.168.10.0 as the base address for this network. Do subnetting based on the number of hosts in every department as provided above. Identify subnet mask, useable IP address range, and broadcast address for each subnet.

## End Device Configurations: Configure all the end devices in the network with the appropriate IP address based on the calculations above.

## Configure port-security: Use sticky command to obtain MAC Address and Violation mode of the shutdown.
Test and Verifying Network Communication.

Technologies Implemented
Creating a network topology using Cisco Packet Tracer.
Hierarchical Network Design.(having core, distribution and access layer) 
Connecting Networking devices with Correct cabling.
Configuring Basic device settings.
Creating VLANs and assigning ports VLAN numbers.
Subnetting and IP Addressing.
Configuring Inter-VLAN Routing on the Multilayer switches (Switch Virtual Interface).
Configuring Dedicated DHCP Server device to provide dynamic IP allocation.
Configuring SSH for secure Remote access.
Configuring OSPF as the routing protocol.
Configuring switchport security or Port-Security on the switches.
Configuring WLAN or wireless network (Cisco Access Point).
Host Device Configurations.
Test and Verifying Network Communication.




solution:


1.Configure the basic configuration of the devices:
Hostnames
* Line Console and VTY passwords
* Banner messages
* Disable domain IP lookup

2.Each department should be in a different VLAN
* Create VLANs in every department
* VLANs you will use in your case, including VLAN1 also e.g. 10, 20, 30... etc
* Each VLAN should be a different subnetwork

3.Planning of IP Addresses
You have been given 192.168.10.0 as the base address for this network
* Do subnetting based on the number of hosts in every department as provided above.,
Identify subnet mask, useable IP address range, and broadcast address for each subnet.

4.End Device Configurations:
Configure all the end devices in the network with the appropriate IP address based on the
calculations above

5. Configure port-security:
Use sticky command to obtain MAC Address,
* Violation mode of the shutdown
6. Test Communication:
Do devices in the same VLAN communicate?
Do the devices in different VLANs communicate?



Solutions:

Access Layer and distribution layer switch basic configs::

en
conf t
hostname F4-L3sw
banner motd #This is a Layer-3-switch. #

line console 0
password cisco
login
exit

line vty 0 15
password cisco
login
exit

no ip domain-lookup
enable password cisco
service password-encryption

do wr


ssh configs of L3 switches and routers

ip domain-name cisco.net
username cisco password cisco
crypto key generate rsa
1024
line vty 0 15
login local
transport input ssh

exit

do wr




for router:


en
conf t
hostname F4-Router
banner motd #This is a Core Router. #

line console 0
password cisco
login
exit

ip domain-name cisco.net
username cisco password cisco
crypto key generate rsa
1024
line vty 0 15
login local
transport input ssh

no ip domain-lookup
enable password cisco
service password-encryption

do wr


1.basic settings to all devices plus ssh on the routers and 16 switches.(above)


2. Vlans assignments plus all access and trunk ports.
3. Switchport security to all 12 switches.

conf t
int range fa0/1-2
switchport mode trunk
exit

vlan 120
name ServerRoom
exit

int range fa0/3-24
switchport mode access
switchport access vlan 120

switchport port-security
switchport port-security maximum 2
switchport port-security mac-address sticky
switchport port-security violation shutdown

do wr

exit


do show start

do sh port-scurity








4.subnetting and ip addressing:

              network address      subnet mask     host address range    broadcast address

management:  192.168.10.0      255.255.255.192/26  192.168.10.1-62        192.168.10.63

Research:    192.168.10.64     255.255.255.192/26  192.168.10.65-126      192.168.10.127

HR:          192.168.10.128    255.255.255.192/26  192.168.10.129-190     192.168.10.191

Marketing:   192.168.11.0      255.255.255.192/26  192.168.11.1-62        192.168.11.63

Accounts:    192.168.11.64     255.255.255.192/26  192.168.11.65-126      192.168.11.127

Finance :    192.168.11.128    255.255.255.192/26  192.168.11.129-190     192.168.11.191


logistics:   192.168.12.0      255.255.255.192/26  192.168.12.1-62        192.168.12.63

customer:    192.168.12.64     255.255.255.192/26  192.168.12.65-126      192.168.12.127

guest:       192.168.12.128    255.255.255.192/26  192.168.12.129-190     192.168.12.191


admin:       192.168.13.0      255.255.255.192/26  192.168.13.1-62        192.168.13.63

ICT:         192.168.13.64     255.255.255.192/26  192.168.13.65-126      192.168.13.127

ServerRoom:  192.168.13.128    255.255.255.192/26  192.168.13.129-190     192.168.13.191



between routers and layer3 switches:
base network: 10.10.10.0

10.10.10.0-52/30(total 14 links are there so 14 subnets)


F1-Router>en
Password: 
F1-Router#conf t
Enter configuration commands, one per line.  End with CNTL/Z.
F1-Router(config)#int gig0/1
F1-Router(config-if)#ip add 10.10.10.1 255.255.255.252
F1-Router(config-if)#exit
F1-Router(config)#int gig0/2
F1-Router(config-if)#ip add 10.10.10.9 255.255.255.252
F1-Router(config-if)#exit
F1-Router(config)#int gig0/0
F1-Router(config-if)#10.10.10.25 255.255.255.252
                     ^
% Invalid input detected at '^' marker.
	
F1-Router(config-if)#ip add 10.10.10.25 255.255.255.252
F1-Router(config-if)#
F1-Router(config-if)#
F1-Router(config-if)#exit
F1-Router(config)#int se0/0/0
F1-Router(config-if)#ip add 10.10.10.21 255.255.255.252
F1-Router(config-if)#clock rate 64000
F1-Router(config-if)#exit
F1-Router(config)#int se0/0/1
F1-Router(config-if)#ip add 10.10.10.17 255.255.255.252
F1-Router(config-if)#clock rate 64000
This command applies only to DCE interfaces
F1-Router(config-if)#



F2-Router>en
Password: 
F2-Router#conf t
Enter configuration commands, one per line.  End with CNTL/Z.
F2-Router(config)#int se0/0/0
F2-Router(config-if)#ip add 10.10.10.33 255.255.255.252
F2-Router(config-if)#clock rate 64000
This command applies only to DCE interfaces
F2-Router(config-if)#int se0/0/2
%Invalid interface type and number
F2-Router(config)#int se0/0/1
F2-Router(config-if)#ip add 10.10.10.18 255.255.255.252
F2-Router(config-if)#clock rate 64000
F2-Router(config-if)#ex
F2-Router(config)#int gig0/0
F2-Router(config-if)#ip add 10.10.10.29 255.255.255.252
F2-Router(config-if)#ex
F2-Router(config)#int gig0/1
F2-Router(config-if)#ip add 10.10.10.5 255.255.255.252
F2-Router(config-if)#ex
F2-Router(config)#int gig0/2
F2-Router(config-if)#ip add 10.10.10.13 255.255.255.252
F2-Router(config-if)#ex
F2-Router(config)#do wr
Building configuration...
[OK]
F2-Router(config)#


F3-Router>en
Password: 
F3-Router#int se0/0/0
              ^
% Invalid input detected at '^' marker.
	
F3-Router#conf t
Enter configuration commands, one per line.  End with CNTL/Z.
F3-Router(config)#int se0/0/0
F3-Router(config-if)#ip add 10.10.10.22 255.255.255.252
F3-Router(config-if)#clock rate 64000
This command applies only to DCE interfaces
F3-Router(config-if)#int se0/0/1
F3-Router(config-if)#ip add 10.10.10.37 255.255.255.252
F3-Router(config-if)#clock rate 64000
F3-Router(config-if)#exit
F3-Router(config)#int gig0/0
F3-Router(config-if)#ip add 10.10.10.30 255.255.255.252
F3-Router(config-if)#ex
F3-Router(config)#int gig0/1
F3-Router(config-if)#ip add 10.10.10.41 255.255.255.252
F3-Router(config-if)#int gig0/2
F3-Router(config-if)#ip add 10.10.10.49 255.255.255.252
F3-Router(config-if)#ex
F3-Router(config)#do wr
Building configuration...
[OK]
F3-Router(config)#


F4-Router>en
Password: 
F4-Router#conf t
Enter configuration commands, one per line.  End with CNTL/Z.
F4-Router(config)#int se0/0/0
F4-Router(config-if)#ip add 10.10.10.38 255.255.255.252
F4-Router(config-if)#ex
F4-Router(config)#int se0/0/0
F4-Router(config-if)#clock rate 64000
This command applies only to DCE interfaces
F4-Router(config-if)#int se0/0/1
F4-Router(config-if)#ip add 10.10.10.34 255.255.255.252
F4-Router(config-if)#clock rate 64000
F4-Router(config-if)#ex
F4-Router(config)#int gig0/0
F4-Router(config-if)#ip add 10.10.10.26 255.255.255.252
F4-Router(config-if)#ex
F4-Router(config)#int gig0/1
F4-Router(config-if)#ip add 10.10.10.45 255.255.255.252
F4-Router(config-if)#ex
F4-Router(config)#int gig0/2
F4-Router(config-if)#ip add 10.10.10.53 255.255.255.252
F4-Router(config-if)#ex
F4-Router(config)#do wr
Building configuration...
[OK]
F4-Router(config)#



F1-L3sw>en
Password: 
F1-L3sw#conf t
Enter configuration commands, one per line.  End with CNTL/Z.
F1-L3sw(config)#int range gig1/0/1-2
F1-L3sw(config-if-range)#no switchport
F1-L3sw(config-if-range)#
%LINEPROTO-5-UPDOWN: Line protocol on Interface GigabitEthernet1/0/1, changed state to down

%LINEPROTO-5-UPDOWN: Line protocol on Interface GigabitEthernet1/0/1, changed state to up

%LINEPROTO-5-UPDOWN: Line protocol on Interface GigabitEthernet1/0/2, changed state to down

%LINEPROTO-5-UPDOWN: Line protocol on Interface GigabitEthernet1/0/2, changed state to up

F1-L3sw(config-if-range)#exit
F1-L3sw(config)#interface gig1/0/1
F1-L3sw(config-if)#ip add 10.10.10.2 255.255.255.252
F1-L3sw(config-if)#ex
F1-L3sw(config)#int gig1/0/2
F1-L3sw(config-if)#ip add 10.10.10.6 255.255.255.252
F1-L3sw(config-if)#ex
F1-L3sw(config)#


Password: 
F2-L3sw#config t
Enter configuration commands, one per line.  End with CNTL/Z.
F2-L3sw(config)#int range gig1/0/1-2
F2-L3sw(config-if-range)#no switchport
F2-L3sw(config-if-range)#
%LINEPROTO-5-UPDOWN: Line protocol on Interface GigabitEthernet1/0/1, changed state to down

%LINEPROTO-5-UPDOWN: Line protocol on Interface GigabitEthernet1/0/1, changed state to up

%LINEPROTO-5-UPDOWN: Line protocol on Interface GigabitEthernet1/0/2, changed state to down

%LINEPROTO-5-UPDOWN: Line protocol on Interface GigabitEthernet1/0/2, changed state to up

F2-L3sw(config-if-range)#exit
F2-L3sw(config)#int gig1/0/1
F2-L3sw(config-if)#ip add 10.10.10.10 255.255.255.252
F2-L3sw(config-if)#ex
F2-L3sw(config)#int gig1/0/2
F2-L3sw(config-if)#ip add 10.10.10.14 255.255.255.252
F2-L3sw(config-if)#exit
F2-L3sw(config)#do wr
Building configuration...
Compressed configuration from 7383 bytes to 3601 bytes[OK]
[OK]
F2-L3sw(config)#



F3-L3sw(config)#int range gig1/0/1-2
F3-L3sw(config-if-range)#no switchport
F3-L3sw(config-if-range)#
%LINEPROTO-5-UPDOWN: Line protocol on Interface GigabitEthernet1/0/1, changed state to down

%LINEPROTO-5-UPDOWN: Line protocol on Interface GigabitEthernet1/0/1, changed state to up

%LINEPROTO-5-UPDOWN: Line protocol on Interface GigabitEthernet1/0/2, changed state to down

%LINEPROTO-5-UPDOWN: Line protocol on Interface GigabitEthernet1/0/2, changed state to up

F3-L3sw(config-if-range)#ex
F3-L3sw(config)#int gig 1/0/1
F3-L3sw(config-if)#ip add 10.10.10.42 255.255.255.252
F3-L3sw(config-if)#ex
F3-L3sw(config)#int gig1/0/2
F3-L3sw(config-if)#ip add 10.10.10.46 255.255.255.252
F3-L3sw(config-if)#exit
F3-L3sw(config)#do wr
Building configuration...
Compressed configuration from 7383 bytes to 3601 bytes[OK]
[OK]
F3-L3sw(config)#



F4-L3sw>en
Password: 
F4-L3sw#conf t
Enter configuration commands, one per line.  End with CNTL/Z.
F4-L3sw(config)#int range gig1/0/1-2
F4-L3sw(config-if-range)#no switchport
F4-L3sw(config-if-range)#
%LINEPROTO-5-UPDOWN: Line protocol on Interface GigabitEthernet1/0/1, changed state to down

%LINEPROTO-5-UPDOWN: Line protocol on Interface GigabitEthernet1/0/1, changed state to up

%LINEPROTO-5-UPDOWN: Line protocol on Interface GigabitEthernet1/0/2, changed state to down

%LINEPROTO-5-UPDOWN: Line protocol on Interface GigabitEthernet1/0/2, changed state to up

F4-L3sw(config-if-range)#ex
F4-L3sw(config)#int gig1/0/1
F4-L3sw(config-if)#ip add 10.10.10.54 255.255.255.252
F4-L3sw(config-if)#ex
F4-L3sw(config)#int gig1/0/2
F4-L3sw(config-if)#ip add 10.10.10.50 255.255.255.252
F4-L3sw(config-if)#ex
F4-L3sw(config)#do wr
Building configuration...
Compressed configuration from 7383 bytes to 3601 bytes[OK]
[OK]
F4-L3sw(config)#






5.ospf on the routers and l3 switches


F1-Router>en
Password: 
F1-Router#conf t
Enter configuration commands, one per line.  End with CNTL/Z.
F1-Router(config)#router ospf 10
F1-Router(config-router)#network 10.10.10.0 0.0.0.3 area 0
F1-Router(config-router)#network 10.10.10.8 0.0.0.3 area 0
F1-Router(config-router)#network 10.10.10.16 0.0.0.3 area 0
F1-Router(config-router)#network 10.10.10.24 0.0.0.3 area 0
F1-Router(config-router)#network 10.10.10.20 0.0.0.3 area 0
F1-Router(config-router)#exit


F2-Router>en
Password: 
F2-Router#conf t
Enter configuration commands, one per line.  End with CNTL/Z.
F2-Router(config)#router ospf 10
F2-Router(config-router)#network 10.10.10.4 0.0.0.3 area 0
F2-Router(config-router)#network 10.10.10.12 0.0.0.3 area 0
F2-Router(config-router)#network 10.10.10.32 0.0.0.3 area 0
F2-Router(config-router)#network 10.10.10.28 0.0.0.3 area 0
F2-Router(config-router)#network 10.10.10.16 0.0.0.3 area 0
F2-Router(config-router)#
02:25:04: %OSPF-5-ADJCHG: Process 10, Nbr 10.10.10.25 on Serial0/0/1 from LOADING to FULL, Loading Done

F3-Router>en
Password: 
F3-Router#conf t
Enter configuration commands, one per line.  End with CNTL/Z.
F3-Router(config)#router ospf 10
F3-Router(config-router)#network 10.10.10.40 0.0.0.3 area 0
F3-Router(config-router)#network 10.10.10.48 0.0.0.3 area 0
F3-Router(config-router)#network 10.10.10.36 0.0.0.3 area 0
F3-Router(config-router)#network 10.10.10.28 0.0.0.3 area 0
F3-Router(config-router)#network 10.10.10.20 0.0.0.3 area 0
F3-Router(config-router)#
02:27:16: %OSPF-5-ADJCHG: Process 10, Nbr 10.10.10.33 on GigabitEthernet0/0 from LOADING to FULL, Loading Done

02:27:19: %OSPF-5-ADJCHG: Process 10, Nbr 10.10.10.25 on Serial0/0/0 from LOADING to FULL, Loading Done

F3-Router(config-router)#ex
F3-Router(config)#do wr
Building configuration...
[OK]
F3-Router(config)#


F4-Router>en
Password: 
F4-Router#conf t
Enter configuration commands, one per line.  End with CNTL/Z.
F4-Router(config)#network 10.10.10.52 0.0.0.3 area 0
                   ^
% Invalid input detected at '^' marker.
	
F4-Router(config)#router ospf 10
F4-Router(config-router)#network 10.10.10.52 0.0.0.3 area 0
F4-Router(config-router)#network 10.10.10.44 0.0.0.3 area 0
F4-Router(config-router)#network 10.10.10.36 0.0.0.3 area 0
F4-Router(config-router)#network 10.10.10.28 0.0.0.3 area 0
02:29:09: %OSPF-5-ADJCHG: Process 10, Nbr 10.10.10.49 on Serial0/0/0 from LOADING to FULL, Loading Done

F4-Router(config-router)#
F4-Router(config-router)#network 10.10.10.28 0.0.0.3 area 0
F4-Router(config-router)#network 10.10.10.24 0.0.0.3 area 0
F4-Router(config-router)#ex
F4-Router(config)#do wr
Building configuration...
[OK]
F4-Router(config)#


network 192.168.12.0 0.0.0.63 area 0
network 192.168.12.64 0.0.0.63 area 0
network 192.168.12.128 0.0.0.63 area 0
network 192.168.13.0 0.0.0.63 area 0
network 192.168.13.64 0.0.0.63 area 0
network 192.168.13.128 0.0.0.63 area 0


F1-L3sw>en
Password: 
F1-L3sw#conf t
Enter configuration commands, one per line.  End with CNTL/Z.
F1-L3sw(config)#ip routing
F1-L3sw(config)#router ospf 10
F1-L3sw(config-router)#network 10.10.10.0 0.0.0.3 area 0
F1-L3sw(config-router)#network 10.10.10.0 0.0.0.3 area 0
02:34:03: %OSPF-5-ADJCHG: Process 10, Nbr 10.10.10.25 on GigabitEthernet1/0/1 fr
F1-L3sw(config-router)#network 10.10.10.4 0.0.0.3 area 0
F1-L3sw(config-router)#
02:34:26: %OSPF-5-ADJCHG: Process 10, Nbr 10.10.10.33 on GigabitEthernet1/0/2 from LOADING to FULL, Loading Done

F1-L3sw(config-router)#network 192.168.10.0 0.0.0.63 area 0
F1-L3sw(config-router)#network 192.168.10.64 0.0.0.63 area 0
F1-L3sw(config-router)#network 192.168.10.128 0.0.0.63 area 0
F1-L3sw(config-router)#network 192.168.11.0 0.0.0.63 area 0
F1-L3sw(config-router)#network 192.168.11.64 0.0.0.63 area 0
F1-L3sw(config-router)#network 192.168.11.128 0.0.0.63 area 0
F1-L3sw(config-router)#
F1-L3sw(config-router)#ex
F1-L3sw(config)#o wr
                ^
% Invalid input detected at '^' marker.
	
F1-L3sw(config)#do wr
Building configuration...
Compressed configuration from 7383 bytes to 3601 bytes[OK]
[OK]
F1-L3sw(config)#



F2-L3sw>en
Password: 
F2-L3sw#conf t
Enter configuration commands, one per line.  End with CNTL/Z.
F2-L3sw(config)#ip routing
F2-L3sw(config)#router ospf 10
F2-L3sw(config-router)#network 10.10.10.8 0.0.0.3 area 0
F2-L3sw(config-router)#network 10.10.10.10 0.0.0.3 area 0
F2-L3sw(config-router)#
02:40:01: %OSPF-5-ADJCHG: Process 10, Nbr 10.10.10.25 on GigabitEthernet1/0/1 from LOADING to FULL, Loading Done

F2-L3sw(config-router)#network 192.168.10.0 0.0.0.63 area 0
F2-L3sw(config-router)#network 192.168.10.64 0.0.0.63 area 0
F2-L3sw(config-router)#network 192.168.10.128 0.0.0.63 area 0
F2-L3sw(config-router)#network 192.168.11.0 0.0.0.63 area 0
F2-L3sw(config-router)#network 192.168.11.64 0.0.0.63 area 0
F2-L3sw(config-router)#network 192.168.11.128 0.0.0.63 area 0
F2-L3sw(config-router)#
F2-L3sw(config-router)#
F2-L3sw(config-router)#ex
F2-L3sw(config)#do wr
Building configuration...
Compressed configuration from 7383 bytes to 3601 bytes[OK]
[OK]
F2-L3sw(config)#


F3-L3sw>en
Password: 
F3-L3sw#conf t
Enter configuration commands, one per line.  End with CNTL/Z.
F3-L3sw(config)#ip routing
F3-L3sw(config)#router ospf 10
F3-L3sw(config-router)#network 10.10.10.40 0.0.0.3 area 0
F3-L3sw(config-router)#network 10.10.10.44 0.0.0.3 area 0
F3-L3sw(config-router)#
02:43:42: %OSPF-5-ADJCHG: Process 10, Nbr 10.10.10.49 on GigabitEthernet1/0/1 from LOADING to FULL, Loading Done

F3-L3sw(config-router)#network 192.168.12.0 0.0.0.63 area 0
F3-L3sw(config-router)#network 192.168.12.64 0.0.0.63 area 0
F3-L3sw(config-router)#network 192.168.12.128 0.0.0.63 area 0
F3-L3sw(config-router)#network 192.168.13.0 0.0.0.63 area 0
F3-L3sw(config-router)#network 192.168.13.64 0.0.0.63 area 0
F3-L3sw(config-router)#network 192.168.13.128 0.0.0.63 area 0
F3-L3sw(config-router)#
02:43:49: %OSPF-5-ADJCHG: Process 10, Nbr 10.10.10.53 on GigabitEthernet1/0/2 from LOADING to FULL, Loading Done

F3-L3sw(config-router)#
F3-L3sw(config-router)#exit
F3-L3sw(config)#do wr 
Building configuration...
Compressed configuration from 7383 bytes to 3601 bytes[OK]
[OK]
F3-L3sw(config)#

F4-L3sw>en
Password: 
F4-L3sw#conf t
Enter configuration commands, one per line.  End with CNTL/Z.
F4-L3sw(config)#ip routing
F4-L3sw(config)#router ospf 10
F4-L3sw(config-router)#network 10.10.10.48 0.0.0.3 area 0
F4-L3sw(config-router)#network 10.10.10.52 0.0.0.3 area 0
F4-L3sw(config-router)#
02:45:20: %OSPF-5-ADJCHG: Process 10, Nbr 10.10.10.49 on GigabitEthernet1/0/2 from LOADING to FULL, Loading Done

02:45:21: %OSPF-5-ADJCHG: Process 10, Nbr 10.10.10.53 on GigabitEthernet1/0/1 from LOADING to FULL, Loading Done

	
F4-L3sw(config-router)#02:43:42: %OSPF-5-ADJCHG: Process 10, Nbr 10.10.10.49 on GigabitEthernet1/0/1 from LOADING to FULL, Loading Done
                   
	
F4-L3sw(config-router)#02:43:49: %OSPF-5-ADJCHG: Process 10, Nbr 10.10.10.53 on GigabitEthernet1/0/2 from LOADING to FULL, Loading Done

F4-L3sw(config-router)#network 192.168.12.0 0.0.0.63 area 0
F4-L3sw(config-router)#network 192.168.12.64 0.0.0.63 area 0
F4-L3sw(config-router)#network 192.168.12.128 0.0.0.63 area 0
F4-L3sw(config-router)#network 192.168.13.0 0.0.0.63 area 0
F4-L3sw(config-router)#network 192.168.13.64 0.0.0.63 area 0
F4-L3sw(config-router)#network 192.168.13.128 0.0.0.63 area 0
F4-L3sw(config-router)#
F4-L3sw(config-router)#
F4-L3sw(config-router)#ex
F4-L3sw(config)#do wr
Building configuration...
Compressed configuration from 7383 bytes to 3601 bytes[OK]
[OK]
F4-L3sw(config)#











6.static ip address to Server room devices

 statically assign the ip address of the devices.

7.dhcp server device configuration

add/create dhcp-pool and pool range on dhcp server : go to device>> services >> dhcp

8.inter-vlan routing on the l3 switches plus ip dhcp helper addresses(we use this dhcp helper address as dhcp server is in different network so to reach the devices than are not in the network we use this)

ip helper-address 192.168.13.130    (ip address of the dhcp server)

first create vlans that are connecte to the l3 switch

for first foor and second floor layer 3 switch

vlan 10
vlan 20
vlan 30
vlan 40
vlan 50
vlan 60

int vlan 10
no sh
ip add 192.168.10.1 255.255.255.192
ip helper-address 192.168.13.130
ex

int vlan 20
no sh
ip add 192.168.10.65 255.255.255.192
ip helper-address 192.168.13.130
ex

int vlan 30
no sh
ip add 192.168.10.129 255.255.255.192
ip helper-address 192.168.13.130
ex

int vlan 40
no sh
ip add 192.168.11.1 255.255.255.192
ip helper-address 192.168.13.130
ex

int vlan 50
no sh
ip add 192.168.11.65 255.255.255.192
ip helper-address 192.168.13.130
ex

int vlan 60
no sh
ip add 192.168.11.129 255.255.255.192
ip helper-address 192.168.13.130
ex











for 3rd floor and 4th floor layer 3 switch:







vlan 70
vlan 80
vlan 90
vlan 100
vlan 110
vlan 120

int vlan 70
no sh
ip add 192.168.12.1 255.255.255.192
ip helper-address 192.168.13.130
ex

int vlan 80
no sh
ip add 192.168.12.65 255.255.255.192
ip helper-address 192.168.13.130
ex

int vlan 90
no sh
ip add 192.168.12.129 255.255.255.192
ip helper-address 192.168.13.130
ex

int vlan 100
no sh
ip add 192.168.13.1 255.255.255.192
ip helper-address 192.168.13.130
ex

int vlan 110
no sh
ip add 192.168.13.65 255.255.255.192
ip helper-address 192.168.13.130
ex

int vlan 120
no sh
ip add 192.168.13.129 255.255.255.192
ex

on int vlan 120 we didn't use ip helper-address as we configure this segment as statically

9.wireless network configuration

 one device(laptop) is added and configured on administration
10.verifying and testing configurations.
=======verified========everything is working properly=========


on L3 switch trunkport configs:

int range gig1/0/3-8
switchport mode trunk
exit
do wr

configure ip address on layer 3 switches:

int range gig1/0/0
no switchport(it convert to layer3 interface from layer 2 port)
exit

interface gig
ip address


configure ospf on l3 switches:
ip routing
router ospf
network
































